// Jest Snapshot v1, https://goo.gl/fbAQLP

exports[`Pruebas en <HeroScreen /> debe de mostrar un hero si el parametro existe y se encuentra 1`] = `
<div
  className="container mt-5 animate__animated animate__fadeIn"
>
  <div
    className="row"
  >
    <div
      className="col-4"
    >
      <img
        alt="marvel-spider portrait"
        className="img-thumbnail"
        src="../assets/heroes/marvel-spider.jpg"
      />
    </div>
    <div
      className="col-8"
    >
      <h3>
        Spider Man
      </h3>
      <ul
        className="list-group-flush"
      >
        <li
          className="list-group-item"
        >
          <b>
            Alter ego: 
          </b>
          Peter Parker
        </li>
        <li
          className="list-group-item"
        >
          <b>
            Publisher: 
          </b>
          Marvel Comics
        </li>
        <li
          className="list-group-item"
        >
          <b>
            First Appearence: 
          </b>
          Amazing Fantasy #15
        </li>
      </ul>
      <h5>
        Characters
      </h5>
      <p>
        Peter Parker
      </p>
      <button
        className="btn btn-outline-info"
        onClick={[Function]}
        type="button"
      >
        Return
      </button>
    </div>
  </div>
</div>
`;
